<!DOCTYPE html>
<html>
<head>
    <style>
table, th, td {
border: 1px solid black;
}
th, td {
padding: 5px;
}
</style>
</head>
<body>
<h1>Invoice</h1>
<p><strong>Client:</strong> BigCo</p>
<table>
    <tr>
        <th>Piece</th>
        <th>Seats Sold</th>
        <th>Price</th>
    </tr>
    <tr>
        <td>Hamlet</td>
        <td>55</td>
        <td>$650.00</td>
    </tr>
    <tr>
        <td>As You Like It</td>
        <td>35</td>
        <td>$580.00</td>
    </tr>
    <tr>
        <td>Othello</td>
        <td>40</td>
        <td>$500.00</td>
    </tr>
    <tr>
        <td colspan="2" style="text-align: right;"><strong>Total Owed:</strong></td>
        <td>$1,730.00</td>
    </tr>
    <tr>
        <td colspan="2" style="text-align: right;"><strong>Fidelity Points Earned:</strong></td>
        <td>47</td>
    </tr>
</table>

<p><strong>Payment is required under 30 day. We can break your knees if you don't do so</strong></p>
</body>
</html>